// Jest Snapshot v1, https://goo.gl/fbAQLP

exports[`README Regression Snapshot should match README diagnostics snapshot 1`] = `
[
  {
    "code": "comma-count",
    "message": "1文中に読点が8個使用されています（閾値: 4個）。文を分割することを検討してください。",
    "range": {
      "end": {
        "character": 46,
        "line": 75,
      },
      "start": {
        "character": 0,
        "line": 75,
      },
    },
  },
  {
    "code": "double-negation",
    "message": "二重否定「ないわけではない」が検出されました。わかりにくい表現になる可能性があります。",
    "range": {
      "end": {
        "character": 9,
        "line": 49,
      },
      "start": {
        "character": 1,
        "line": 49,
      },
    },
  },
  {
    "code": "double-negation",
    "message": "二重否定「ないことはない」が検出されました。わかりにくい表現になる可能性があります。",
    "range": {
      "end": {
        "character": 18,
        "line": 49,
      },
      "start": {
        "character": 11,
        "line": 49,
      },
    },
  },
  {
    "code": "double-particle",
    "message": "二重助詞「がが」が検出されました。「が」を1つにしてください。",
    "range": {
      "end": {
        "character": 16,
        "line": 16,
      },
      "start": {
        "character": 14,
        "line": 16,
      },
    },
  },
  {
    "code": "english-case-mix",
    "message": "英語表記「vscode」の大文字小文字が統一されていません。VSCode、vscodeが混在しています。",
    "range": {
      "end": {
        "character": 14,
        "line": 2,
      },
      "start": {
        "character": 8,
        "line": 2,
      },
    },
  },
  {
    "code": "english-case-mix",
    "message": "英語表記「java」の大文字小文字が統一されていません。Java、javaが混在しています。",
    "range": {
      "end": {
        "character": 8,
        "line": 350,
      },
      "start": {
        "character": 4,
        "line": 350,
      },
    },
  },
  {
    "code": "english-case-mix",
    "message": "英語表記「vsix」の大文字小文字が統一されていません。vsix、VSIXが混在しています。",
    "range": {
      "end": {
        "character": 9,
        "line": 362,
      },
      "start": {
        "character": 5,
        "line": 362,
      },
    },
  },
  {
    "code": "kanji-opening",
    "message": "漢字「様」はひらがな「よう」で表記することが推奨されます。",
    "range": {
      "end": {
        "character": 130,
        "line": 510,
      },
      "start": {
        "character": 129,
        "line": 510,
      },
    },
  },
  {
    "code": "kanji-opening",
    "message": "漢字「時」はひらがな「とき」で表記することが推奨されます。",
    "range": {
      "end": {
        "character": 9,
        "line": 518,
      },
      "start": {
        "character": 8,
        "line": 518,
      },
    },
  },
  {
    "code": "kanji-opening",
    "message": "漢字「時」はひらがな「とき」で表記することが推奨されます。",
    "range": {
      "end": {
        "character": 11,
        "line": 518,
      },
      "start": {
        "character": 10,
        "line": 518,
      },
    },
  },
  {
    "code": "kanji-opening",
    "message": "漢字「時」はひらがな「とき」で表記することが推奨されます。",
    "range": {
      "end": {
        "character": 5,
        "line": 520,
      },
      "start": {
        "character": 4,
        "line": 520,
      },
    },
  },
  {
    "code": "kanji-opening",
    "message": "漢字「様」はひらがな「よう」で表記することが推奨されます。",
    "range": {
      "end": {
        "character": 7,
        "line": 614,
      },
      "start": {
        "character": 6,
        "line": 614,
      },
    },
  },
  {
    "code": "long-sentence",
    "message": "文が長すぎます（139文字、閾値: 120文字）。文の分割を検討してください。",
    "range": {
      "end": {
        "character": 142,
        "line": 510,
      },
      "start": {
        "character": 3,
        "line": 510,
      },
    },
  },
  {
    "code": "no-particle-chain",
    "message": "助詞「の」が3回連続しています（閾値: 3回）。文の書き換えを検討してください。",
    "range": {
      "end": {
        "character": 27,
        "line": 274,
      },
      "start": {
        "character": 12,
        "line": 274,
      },
    },
  },
  {
    "code": "noun-chain",
    "message": "名詞が連続して読みにくくなっています。名詞の間に助詞を挿入して読みやすくしてください",
    "range": {
      "end": {
        "character": 18,
        "line": 2,
      },
      "start": {
        "character": 0,
        "line": 2,
      },
    },
  },
  {
    "code": "noun-chain",
    "message": "名詞が連続して読みにくくなっています。名詞の間に助詞を挿入して読みやすくしてください",
    "range": {
      "end": {
        "character": 56,
        "line": 44,
      },
      "start": {
        "character": 37,
        "line": 44,
      },
    },
  },
  {
    "code": "noun-chain",
    "message": "名詞が連続して読みにくくなっています。名詞の間に助詞を挿入して読みやすくしてください",
    "range": {
      "end": {
        "character": 13,
        "line": 118,
      },
      "start": {
        "character": 0,
        "line": 118,
      },
    },
  },
  {
    "code": "noun-chain",
    "message": "名詞が連続して読みにくくなっています。名詞の間に助詞を挿入して読みやすくしてください",
    "range": {
      "end": {
        "character": 12,
        "line": 130,
      },
      "start": {
        "character": 0,
        "line": 130,
      },
    },
  },
  {
    "code": "noun-chain",
    "message": "名詞が連続して読みにくくなっています。名詞の間に助詞を挿入して読みやすくしてください",
    "range": {
      "end": {
        "character": 11,
        "line": 146,
      },
      "start": {
        "character": 0,
        "line": 146,
      },
    },
  },
  {
    "code": "noun-chain",
    "message": "名詞が連続して読みにくくなっています。名詞の間に助詞を挿入して読みやすくしてください",
    "range": {
      "end": {
        "character": 13,
        "line": 164,
      },
      "start": {
        "character": 0,
        "line": 164,
      },
    },
  },
  {
    "code": "noun-chain",
    "message": "名詞が連続して読みにくくなっています。名詞の間に助詞を挿入して読みやすくしてください",
    "range": {
      "end": {
        "character": 11,
        "line": 176,
      },
      "start": {
        "character": 0,
        "line": 176,
      },
    },
  },
  {
    "code": "noun-chain",
    "message": "名詞が連続して読みにくくなっています。名詞の間に助詞を挿入して読みやすくしてください",
    "range": {
      "end": {
        "character": 27,
        "line": 347,
      },
      "start": {
        "character": 2,
        "line": 347,
      },
    },
  },
  {
    "code": "noun-chain",
    "message": "名詞が連続して読みにくくなっています。名詞の間に助詞を挿入して読みやすくしてください",
    "range": {
      "end": {
        "character": 11,
        "line": 349,
      },
      "start": {
        "character": 2,
        "line": 349,
      },
    },
  },
  {
    "code": "noun-chain",
    "message": "名詞が連続して読みにくくなっています。名詞の間に助詞を挿入して読みやすくしてください",
    "range": {
      "end": {
        "character": 25,
        "line": 358,
      },
      "start": {
        "character": 11,
        "line": 358,
      },
    },
  },
  {
    "code": "noun-chain",
    "message": "名詞が連続して読みにくくなっています。名詞の間に助詞を挿入して読みやすくしてください",
    "range": {
      "end": {
        "character": 13,
        "line": 359,
      },
      "start": {
        "character": 3,
        "line": 359,
      },
    },
  },
  {
    "code": "noun-chain",
    "message": "名詞が連続して読みにくくなっています。名詞の間に助詞を挿入して読みやすくしてください",
    "range": {
      "end": {
        "character": 79,
        "line": 364,
      },
      "start": {
        "character": 3,
        "line": 364,
      },
    },
  },
  {
    "code": "noun-chain",
    "message": "名詞が連続して読みにくくなっています。名詞の間に助詞を挿入して読みやすくしてください",
    "range": {
      "end": {
        "character": 26,
        "line": 366,
      },
      "start": {
        "character": 12,
        "line": 366,
      },
    },
  },
  {
    "code": "noun-chain",
    "message": "名詞が連続して読みにくくなっています。名詞の間に助詞を挿入して読みやすくしてください",
    "range": {
      "end": {
        "character": 139,
        "line": 510,
      },
      "start": {
        "character": 128,
        "line": 510,
      },
    },
  },
  {
    "code": "noun-chain",
    "message": "名詞が連続して読みにくくなっています。名詞の間に助詞を挿入して読みやすくしてください",
    "range": {
      "end": {
        "character": 24,
        "line": 611,
      },
      "start": {
        "character": 14,
        "line": 611,
      },
    },
  },
  {
    "code": "noun-chain",
    "message": "名詞が連続して読みにくくなっています。名詞の間に助詞を挿入して読みやすくしてください",
    "range": {
      "end": {
        "character": 30,
        "line": 616,
      },
      "start": {
        "character": 25,
        "line": 616,
      },
    },
  },
  {
    "code": "noun-chain",
    "message": "名詞が連続して読みにくくなっています。名詞の間に助詞を挿入して読みやすくしてください",
    "range": {
      "end": {
        "character": 40,
        "line": 616,
      },
      "start": {
        "character": 31,
        "line": 616,
      },
    },
  },
  {
    "code": "noun-chain",
    "message": "名詞が連続して読みにくくなっています。名詞の間に助詞を挿入して読みやすくしてください",
    "range": {
      "end": {
        "character": 29,
        "line": 618,
      },
      "start": {
        "character": 21,
        "line": 618,
      },
    },
  },
  {
    "code": "noun-chain",
    "message": "名詞が連続して読みにくくなっています。名詞の間に助詞を挿入して読みやすくしてください",
    "range": {
      "end": {
        "character": 55,
        "line": 626,
      },
      "start": {
        "character": 2,
        "line": 626,
      },
    },
  },
  {
    "code": "noun-chain",
    "message": "名詞が連続して読みにくくなっています。名詞の間に助詞を挿入して読みやすくしてください",
    "range": {
      "end": {
        "character": 73,
        "line": 632,
      },
      "start": {
        "character": 2,
        "line": 632,
      },
    },
  },
  {
    "code": "particle-repetition",
    "message": "同じ助詞「の」が2回使用されています。文の構造を見直してください。",
    "range": {
      "end": {
        "character": 58,
        "line": 14,
      },
      "start": {
        "character": 0,
        "line": 14,
      },
    },
  },
  {
    "code": "particle-repetition",
    "message": "同じ助詞「を」が2回使用されています。文の構造を見直してください。",
    "range": {
      "end": {
        "character": 58,
        "line": 14,
      },
      "start": {
        "character": 0,
        "line": 14,
      },
    },
  },
  {
    "code": "particle-repetition",
    "message": "同じ助詞「が」が2回使用されています。文の構造を見直してください。",
    "range": {
      "end": {
        "character": 30,
        "line": 16,
      },
      "start": {
        "character": 2,
        "line": 16,
      },
    },
  },
  {
    "code": "particle-repetition",
    "message": "同じ助詞「の」が2回使用されています。文の構造を見直してください。",
    "range": {
      "end": {
        "character": 30,
        "line": 16,
      },
      "start": {
        "character": 2,
        "line": 16,
      },
    },
  },
  {
    "code": "particle-repetition",
    "message": "同じ助詞「の」が2回使用されています。文の構造を見直してください。",
    "range": {
      "end": {
        "character": 32,
        "line": 17,
      },
      "start": {
        "character": 2,
        "line": 17,
      },
    },
  },
  {
    "code": "particle-repetition",
    "message": "同じ助詞「を」が2回使用されています。文の構造を見直してください。",
    "range": {
      "end": {
        "character": 40,
        "line": 18,
      },
      "start": {
        "character": 2,
        "line": 18,
      },
    },
  },
  {
    "code": "particle-repetition",
    "message": "同じ助詞「を」が2回使用されています。文の構造を見直してください。",
    "range": {
      "end": {
        "character": 35,
        "line": 36,
      },
      "start": {
        "character": 0,
        "line": 36,
      },
    },
  },
  {
    "code": "particle-repetition",
    "message": "同じ助詞「に」が2回使用されています。文の構造を見直してください。",
    "range": {
      "end": {
        "character": 224,
        "line": 44,
      },
      "start": {
        "character": 155,
        "line": 44,
      },
    },
  },
  {
    "code": "particle-repetition",
    "message": "同じ助詞「を」が2回使用されています。文の構造を見直してください。",
    "range": {
      "end": {
        "character": 224,
        "line": 44,
      },
      "start": {
        "character": 155,
        "line": 44,
      },
    },
  },
  {
    "code": "particle-repetition",
    "message": "同じ助詞「は」が2回使用されています。文の構造を見直してください。",
    "range": {
      "end": {
        "character": 42,
        "line": 45,
      },
      "start": {
        "character": 0,
        "line": 45,
      },
    },
  },
  {
    "code": "particle-repetition",
    "message": "同じ助詞「は」が2回使用されています。文の構造を見直してください。",
    "range": {
      "end": {
        "character": 33,
        "line": 49,
      },
      "start": {
        "character": 0,
        "line": 49,
      },
    },
  },
  {
    "code": "particle-repetition",
    "message": "同じ助詞「の」が2回使用されています。文の構造を見直してください。",
    "range": {
      "end": {
        "character": 38,
        "line": 77,
      },
      "start": {
        "character": 5,
        "line": 77,
      },
    },
  },
  {
    "code": "particle-repetition",
    "message": "同じ助詞「を」が2回使用されています。文の構造を見直してください。",
    "range": {
      "end": {
        "character": 27,
        "line": 97,
      },
      "start": {
        "character": 0,
        "line": 97,
      },
    },
  },
  {
    "code": "particle-repetition",
    "message": "同じ助詞「の」が2回使用されています。文の構造を見直してください。",
    "range": {
      "end": {
        "character": 32,
        "line": 107,
      },
      "start": {
        "character": 0,
        "line": 107,
      },
    },
  },
  {
    "code": "particle-repetition",
    "message": "同じ助詞「を」が2回使用されています。文の構造を見直してください。",
    "range": {
      "end": {
        "character": 27,
        "line": 116,
      },
      "start": {
        "character": 0,
        "line": 116,
      },
    },
  },
  {
    "code": "particle-repetition",
    "message": "同じ助詞「の」が2回使用されています。文の構造を見直してください。",
    "range": {
      "end": {
        "character": 34,
        "line": 188,
      },
      "start": {
        "character": 5,
        "line": 188,
      },
    },
  },
  {
    "code": "particle-repetition",
    "message": "同じ助詞「が」が2回使用されています。文の構造を見直してください。",
    "range": {
      "end": {
        "character": 35,
        "line": 190,
      },
      "start": {
        "character": 0,
        "line": 190,
      },
    },
  },
  {
    "code": "particle-repetition",
    "message": "同じ助詞「を」が2回使用されています。文の構造を見直してください。",
    "range": {
      "end": {
        "character": 35,
        "line": 190,
      },
      "start": {
        "character": 0,
        "line": 190,
      },
    },
  },
  {
    "code": "particle-repetition",
    "message": "同じ助詞「が」が2回使用されています。文の構造を見直してください。",
    "range": {
      "end": {
        "character": 40,
        "line": 219,
      },
      "start": {
        "character": 0,
        "line": 219,
      },
    },
  },
  {
    "code": "particle-repetition",
    "message": "同じ助詞「を」が2回使用されています。文の構造を見直してください。",
    "range": {
      "end": {
        "character": 40,
        "line": 219,
      },
      "start": {
        "character": 0,
        "line": 219,
      },
    },
  },
  {
    "code": "particle-repetition",
    "message": "同じ助詞「の」が2回使用されています。文の構造を見直してください。",
    "range": {
      "end": {
        "character": 41,
        "line": 230,
      },
      "start": {
        "character": 5,
        "line": 230,
      },
    },
  },
  {
    "code": "particle-repetition",
    "message": "同じ助詞「て」が2回使用されています。文の構造を見直してください。",
    "range": {
      "end": {
        "character": 30,
        "line": 232,
      },
      "start": {
        "character": 0,
        "line": 232,
      },
    },
  },
  {
    "code": "particle-repetition",
    "message": "同じ助詞「を」が2回使用されています。文の構造を見直してください。",
    "range": {
      "end": {
        "character": 30,
        "line": 256,
      },
      "start": {
        "character": 0,
        "line": 256,
      },
    },
  },
  {
    "code": "particle-repetition",
    "message": "同じ助詞「に」が2回使用されています。文の構造を見直してください。",
    "range": {
      "end": {
        "character": 31,
        "line": 267,
      },
      "start": {
        "character": 0,
        "line": 267,
      },
    },
  },
  {
    "code": "particle-repetition",
    "message": "同じ助詞「に」が2回使用されています。文の構造を見直してください。",
    "range": {
      "end": {
        "character": 69,
        "line": 267,
      },
      "start": {
        "character": 31,
        "line": 267,
      },
    },
  },
  {
    "code": "particle-repetition",
    "message": "同じ助詞「の」が2回使用されています。文の構造を見直してください。",
    "range": {
      "end": {
        "character": 69,
        "line": 267,
      },
      "start": {
        "character": 31,
        "line": 267,
      },
    },
  },
  {
    "code": "particle-repetition",
    "message": "同じ助詞「は」が2回使用されています。文の構造を見直してください。",
    "range": {
      "end": {
        "character": 69,
        "line": 267,
      },
      "start": {
        "character": 31,
        "line": 267,
      },
    },
  },
  {
    "code": "particle-repetition",
    "message": "同じ助詞「の」が3回使用されています。文の構造を見直してください。",
    "range": {
      "end": {
        "character": 38,
        "line": 274,
      },
      "start": {
        "character": 0,
        "line": 274,
      },
    },
  },
  {
    "code": "particle-repetition",
    "message": "同じ助詞「を」が2回使用されています。文の構造を見直してください。",
    "range": {
      "end": {
        "character": 29,
        "line": 296,
      },
      "start": {
        "character": 0,
        "line": 296,
      },
    },
  },
  {
    "code": "particle-repetition",
    "message": "同じ助詞「に」が2回使用されています。文の構造を見直してください。",
    "range": {
      "end": {
        "character": 114,
        "line": 509,
      },
      "start": {
        "character": 3,
        "line": 509,
      },
    },
  },
  {
    "code": "particle-repetition",
    "message": "同じ助詞「に」が2回使用されています。文の構造を見直してください。",
    "range": {
      "end": {
        "character": 72,
        "line": 516,
      },
      "start": {
        "character": 0,
        "line": 516,
      },
    },
  },
  {
    "code": "particle-repetition",
    "message": "同じ助詞「を」が2回使用されています。文の構造を見直してください。",
    "range": {
      "end": {
        "character": 72,
        "line": 516,
      },
      "start": {
        "character": 0,
        "line": 516,
      },
    },
  },
  {
    "code": "particle-sequence",
    "message": "不適切な助詞連続「がを」が検出されました。文の構造を見直してください。",
    "range": {
      "end": {
        "character": 16,
        "line": 17,
      },
      "start": {
        "character": 14,
        "line": 17,
      },
    },
  },
  {
    "code": "particle-sequence",
    "message": "不適切な助詞連続「がに」が検出されました。文の構造を見直してください。",
    "range": {
      "end": {
        "character": 31,
        "line": 503,
      },
      "start": {
        "character": 10,
        "line": 503,
      },
    },
  },
  {
    "code": "particle-sequence",
    "message": "不適切な助詞連続「をに」が検出されました。文の構造を見直してください。",
    "range": {
      "end": {
        "character": 26,
        "line": 515,
      },
      "start": {
        "character": 15,
        "line": 515,
      },
    },
  },
  {
    "code": "particle-sequence",
    "message": "不適切な助詞連続「をに」が検出されました。文の構造を見直してください。",
    "range": {
      "end": {
        "character": 70,
        "line": 516,
      },
      "start": {
        "character": 59,
        "line": 516,
      },
    },
  },
  {
    "code": "quotation-style-mix",
    "message": "引用符のスタイルが混在しています。「」（44箇所）と""（4箇所）が使用されています。どれかに統一してください。",
    "range": {
      "end": {
        "character": 13,
        "line": 16,
      },
      "start": {
        "character": 12,
        "line": 16,
      },
    },
  },
  {
    "code": "ra-nuki",
    "message": "ら抜き言葉「食べれる」が検出されました。正しくは「食べられる」です。",
    "range": {
      "end": {
        "character": 5,
        "line": 36,
      },
      "start": {
        "character": 1,
        "line": 36,
      },
    },
  },
  {
    "code": "ra-nuki",
    "message": "ら抜き言葉「見れる」が検出されました。正しくは「見られる」です。",
    "range": {
      "end": {
        "character": 10,
        "line": 36,
      },
      "start": {
        "character": 7,
        "line": 36,
      },
    },
  },
  {
    "code": "redundant-expression",
    "message": "冗長表現「馬から落馬」が検出されました。「落馬」に簡潔化できます。",
    "range": {
      "end": {
        "character": 6,
        "line": 205,
      },
      "start": {
        "character": 1,
        "line": 205,
      },
    },
  },
  {
    "code": "redundant-expression",
    "message": "冗長表現「後で後悔」が検出されました。「後悔」に簡潔化できます。",
    "range": {
      "end": {
        "character": 14,
        "line": 205,
      },
      "start": {
        "character": 10,
        "line": 205,
      },
    },
  },
  {
    "code": "table-column-mismatch",
    "message": "テーブルの区切り行の列数が一致しません。ヘッダーは3列ですが、区切り行は5列です。",
    "range": {
      "end": {
        "character": 83,
        "line": 382,
      },
      "start": {
        "character": 0,
        "line": 382,
      },
    },
  },
  {
    "code": "tautology",
    "message": "重複表現「頭痛が痛い」が検出されました。「頭」と「痛い」が重複しています。",
    "range": {
      "end": {
        "character": 6,
        "line": 219,
      },
      "start": {
        "character": 1,
        "line": 219,
      },
    },
  },
  {
    "code": "tautology",
    "message": "重複表現「違和感を感じる」が検出されました。「感」が重複しています。",
    "range": {
      "end": {
        "character": 15,
        "line": 219,
      },
      "start": {
        "character": 8,
        "line": 219,
      },
    },
  },
  {
    "code": "term-notation",
    "message": "技術用語の表記「vscode」は「VS Code」に統一してください。",
    "range": {
      "end": {
        "character": 38,
        "line": 617,
      },
      "start": {
        "character": 32,
        "line": 617,
      },
    },
  },
]
`;
