// Jest Snapshot v1, https://goo.gl/fbAQLP

exports[`README Regression Snapshot should match README diagnostics snapshot 1`] = `
[
  {
    "code": "bracket-quote-mismatch",
    "message": "閉じ括弧「）」に対応する開き括弧「（」がありません。",
    "range": {
      "end": {
        "character": 121,
        "line": 516,
      },
      "start": {
        "character": 120,
        "line": 516,
      },
    },
  },
  {
    "code": "bracket-quote-mismatch",
    "message": "閉じ括弧「）」に対応する開き括弧「（」がありません。",
    "range": {
      "end": {
        "character": 142,
        "line": 516,
      },
      "start": {
        "character": 141,
        "line": 516,
      },
    },
  },
  {
    "code": "bullet-style-mix",
    "message": "箇条書き記号が混在しています。・（1箇所）と-（27箇所）と*（1箇所）が使用されています。どれかに統一してください。 文書全体では「hyphen」が支配的です。",
    "range": {
      "end": {
        "character": 22,
        "line": 608,
      },
      "start": {
        "character": 21,
        "line": 608,
      },
    },
  },
  {
    "code": "bullet-style-mix",
    "message": "箇条書き記号が混在しています。・（1箇所）と-（27箇所）と*（1箇所）が使用されています。どれかに統一してください。 文書全体では「hyphen」が支配的です。",
    "range": {
      "end": {
        "character": 33,
        "line": 608,
      },
      "start": {
        "character": 32,
        "line": 608,
      },
    },
  },
  {
    "code": "code-block-language",
    "message": "コードブロックに言語指定がありません。シンタックスハイライトのために言語を指定してください。",
    "range": {
      "end": {
        "character": 29,
        "line": 615,
      },
      "start": {
        "character": 26,
        "line": 615,
      },
    },
  },
  {
    "code": "comma-count",
    "message": "1文中に読点が8個使用されています（閾値: 4個）。文を分割することを検討してください。",
    "range": {
      "end": {
        "character": 46,
        "line": 77,
      },
      "start": {
        "character": 0,
        "line": 77,
      },
    },
  },
  {
    "code": "dash-tilde-normalization",
    "message": "範囲表現「9:00-18:00」のハイフンマイナスは、波ダッシュ「〜」に統一することを推奨します。",
    "range": {
      "end": {
        "character": 43,
        "line": 602,
      },
      "start": {
        "character": 33,
        "line": 602,
      },
    },
  },
  {
    "code": "dash-tilde-normalization",
    "message": "範囲表現「2025-12」のハイフンマイナスは、波ダッシュ「〜」に統一することを推奨します。",
    "range": {
      "end": {
        "character": 21,
        "line": 620,
      },
      "start": {
        "character": 14,
        "line": 620,
      },
    },
  },
  {
    "code": "double-negation",
    "message": "二重否定「ないわけではない」が検出されました。わかりにくい表現になる可能性があります。",
    "range": {
      "end": {
        "character": 9,
        "line": 51,
      },
      "start": {
        "character": 1,
        "line": 51,
      },
    },
  },
  {
    "code": "double-negation",
    "message": "二重否定「ないことはない」が検出されました。わかりにくい表現になる可能性があります。",
    "range": {
      "end": {
        "character": 18,
        "line": 51,
      },
      "start": {
        "character": 11,
        "line": 51,
      },
    },
  },
  {
    "code": "double-particle",
    "message": "二重助詞「がが」が検出されました。「が」を1つにしてください。",
    "range": {
      "end": {
        "character": 16,
        "line": 18,
      },
      "start": {
        "character": 14,
        "line": 18,
      },
    },
  },
  {
    "code": "emphasis-style-mix",
    "message": "強調記号のスタイルが混在しています。**（24箇所）と__（1箇所）が使用されています。どちらかに統一してください。 文書全体では「asterisk」が支配的です。",
    "range": {
      "end": {
        "character": 27,
        "line": 609,
      },
      "start": {
        "character": 26,
        "line": 609,
      },
    },
  },
  {
    "code": "halfwidth-kana",
    "message": "半角カナ「ﾃｽﾄｱｶｳﾝﾄ」は全角カナ「テストアカウント」に変換することを推奨します。",
    "range": {
      "end": {
        "character": 24,
        "line": 597,
      },
      "start": {
        "character": 16,
        "line": 597,
      },
    },
  },
  {
    "code": "heading-level-skip",
    "message": "見出しレベルが飛んでいます。h1の次にh3が使用されています。h2を使用してください。",
    "range": {
      "end": {
        "character": 31,
        "line": 613,
      },
      "start": {
        "character": 28,
        "line": 613,
      },
    },
  },
  {
    "code": "kanji-opening",
    "message": "漢字「様々」はひらがな「さまざま」で表記することが推奨されます。",
    "range": {
      "end": {
        "character": 14,
        "line": 6,
      },
      "start": {
        "character": 12,
        "line": 6,
      },
    },
  },
  {
    "code": "katakana-chouon",
    "message": "カタカナ表記「カテゴリ」は「カテゴリー」が標準的です。",
    "range": {
      "end": {
        "character": 13,
        "line": 309,
      },
      "start": {
        "character": 9,
        "line": 309,
      },
    },
  },
  {
    "code": "katakana-chouon",
    "message": "カタカナ表記「カテゴリ」は「カテゴリー」が標準的です。",
    "range": {
      "end": {
        "character": 43,
        "line": 311,
      },
      "start": {
        "character": 39,
        "line": 311,
      },
    },
  },
  {
    "code": "katakana-chouon",
    "message": "カタカナ表記「サーバ」は「サーバー」が標準的です。",
    "range": {
      "end": {
        "character": 30,
        "line": 318,
      },
      "start": {
        "character": 27,
        "line": 318,
      },
    },
  },
  {
    "code": "katakana-chouon",
    "message": "カタカナ表記「ブラウザ」は「ブラウザー」が標準的です。",
    "range": {
      "end": {
        "character": 33,
        "line": 319,
      },
      "start": {
        "character": 29,
        "line": 319,
      },
    },
  },
  {
    "code": "katakana-chouon",
    "message": "カタカナ表記「セキュリティ」は「セキュリティー」が標準的です。",
    "range": {
      "end": {
        "character": 21,
        "line": 326,
      },
      "start": {
        "character": 15,
        "line": 326,
      },
    },
  },
  {
    "code": "katakana-chouon",
    "message": "カタカナ表記「コンテナ」は「コンテナー」が標準的です。",
    "range": {
      "end": {
        "character": 24,
        "line": 332,
      },
      "start": {
        "character": 20,
        "line": 332,
      },
    },
  },
  {
    "code": "katakana-chouon",
    "message": "カタカナ表記「コンテナ」は「コンテナー」が標準的です。",
    "range": {
      "end": {
        "character": 46,
        "line": 332,
      },
      "start": {
        "character": 42,
        "line": 332,
      },
    },
  },
  {
    "code": "katakana-chouon",
    "message": "カタカナ表記「センサ」は「センサー」が標準的です。",
    "range": {
      "end": {
        "character": 45,
        "line": 341,
      },
      "start": {
        "character": 42,
        "line": 341,
      },
    },
  },
  {
    "code": "katakana-chouon",
    "message": "カタカナ表記「カテゴリ」は「カテゴリー」が標準的です。",
    "range": {
      "end": {
        "character": 54,
        "line": 392,
      },
      "start": {
        "character": 50,
        "line": 392,
      },
    },
  },
  {
    "code": "katakana-chouon",
    "message": "カタカナ表記「カテゴリ」は「カテゴリー」が標準的です。",
    "range": {
      "end": {
        "character": 66,
        "line": 392,
      },
      "start": {
        "character": 62,
        "line": 392,
      },
    },
  },
  {
    "code": "katakana-chouon",
    "message": "カタカナ表記「サーバ」は「サーバー」が標準的です。",
    "range": {
      "end": {
        "character": 61,
        "line": 517,
      },
      "start": {
        "character": 58,
        "line": 517,
      },
    },
  },
  {
    "code": "katakana-chouon",
    "message": "カタカナ表記「メイル」は「メール」が標準的です。",
    "range": {
      "end": {
        "character": 21,
        "line": 596,
      },
      "start": {
        "character": 18,
        "line": 596,
      },
    },
  },
  {
    "code": "long-sentence",
    "message": "文が長すぎます（169文字、閾値: 120文字）。文の分割を検討してください。",
    "range": {
      "end": {
        "character": 229,
        "line": 46,
      },
      "start": {
        "character": 60,
        "line": 46,
      },
    },
  },
  {
    "code": "long-sentence",
    "message": "文が長すぎます（246文字、閾値: 120文字）。文の分割を検討してください。",
    "range": {
      "end": {
        "character": 286,
        "line": 47,
      },
      "start": {
        "character": 40,
        "line": 47,
      },
    },
  },
  {
    "code": "long-sentence",
    "message": "文が長すぎます（139文字、閾値: 120文字）。文の分割を検討してください。",
    "range": {
      "end": {
        "character": 142,
        "line": 516,
      },
      "start": {
        "character": 3,
        "line": 516,
      },
    },
  },
  {
    "code": "missing-subject",
    "message": "主語が明示されていない可能性があります。主語を明示することを検討してください",
    "range": {
      "end": {
        "character": 21,
        "line": 2,
      },
      "start": {
        "character": 0,
        "line": 2,
      },
    },
  },
  {
    "code": "missing-subject",
    "message": "主語が明示されていない可能性があります。主語を明示することを検討してください",
    "range": {
      "end": {
        "character": 49,
        "line": 311,
      },
      "start": {
        "character": 34,
        "line": 311,
      },
    },
  },
  {
    "code": "nakaguro-usage",
    "message": "中黒「・・」が2個連続しています。1個に修正することを推奨します。",
    "range": {
      "end": {
        "character": 22,
        "line": 603,
      },
      "start": {
        "character": 20,
        "line": 603,
      },
    },
  },
  {
    "code": "no-particle-chain",
    "message": "助詞「の」が6回連続しています（閾値: 3回）。文の書き換えを検討してください。",
    "range": {
      "end": {
        "character": 280,
        "line": 47,
      },
      "start": {
        "character": 229,
        "line": 47,
      },
    },
  },
  {
    "code": "noun-chain",
    "message": "名詞が連続して読みにくくなっています。名詞の間に助詞を挿入して読みやすくしてください",
    "range": {
      "end": {
        "character": 18,
        "line": 2,
      },
      "start": {
        "character": 0,
        "line": 2,
      },
    },
  },
  {
    "code": "noun-chain",
    "message": "名詞が連続して読みにくくなっています。名詞の間に助詞を挿入して読みやすくしてください",
    "range": {
      "end": {
        "character": 139,
        "line": 516,
      },
      "start": {
        "character": 128,
        "line": 516,
      },
    },
  },
  {
    "code": "okurigana-variant",
    "message": "送り仮名「下さい」は「ください」が標準的な表記です。",
    "range": {
      "end": {
        "character": 5,
        "line": 198,
      },
      "start": {
        "character": 2,
        "line": 198,
      },
    },
  },
  {
    "code": "okurigana-variant",
    "message": "送り仮名「致し」は「いたし」が標準的な表記です。",
    "range": {
      "end": {
        "character": 4,
        "line": 203,
      },
      "start": {
        "character": 2,
        "line": 203,
      },
    },
  },
  {
    "code": "okurigana-variant",
    "message": "送り仮名「頂く」は「いただく」が標準的な表記です。",
    "range": {
      "end": {
        "character": 4,
        "line": 204,
      },
      "start": {
        "character": 2,
        "line": 204,
      },
    },
  },
  {
    "code": "okurigana-variant",
    "message": "送り仮名「頂き」は「いただき」が標準的な表記です。",
    "range": {
      "end": {
        "character": 4,
        "line": 205,
      },
      "start": {
        "character": 2,
        "line": 205,
      },
    },
  },
  {
    "code": "okurigana-variant",
    "message": "送り仮名「下さい」は「ください」が標準的な表記です。",
    "range": {
      "end": {
        "character": 23,
        "line": 576,
      },
      "start": {
        "character": 20,
        "line": 576,
      },
    },
  },
  {
    "code": "okurigana-variant",
    "message": "送り仮名「表わす」は「表す」が標準的な表記です。",
    "range": {
      "end": {
        "character": 27,
        "line": 593,
      },
      "start": {
        "character": 24,
        "line": 593,
      },
    },
  },
  {
    "code": "okurigana-variant",
    "message": "送り仮名「答え」は「答え」が標準的な表記です。",
    "range": {
      "end": {
        "character": 49,
        "line": 607,
      },
      "start": {
        "character": 47,
        "line": 607,
      },
    },
  },
  {
    "code": "orthography-variant",
    "message": "表記「様々」は「さまざま」に統一することが推奨されます。",
    "range": {
      "end": {
        "character": 14,
        "line": 6,
      },
      "start": {
        "character": 12,
        "line": 6,
      },
    },
  },
  {
    "code": "orthography-variant",
    "message": "表記「下さい」は「ください」に統一することが推奨されます。",
    "range": {
      "end": {
        "character": 5,
        "line": 198,
      },
      "start": {
        "character": 2,
        "line": 198,
      },
    },
  },
  {
    "code": "orthography-variant",
    "message": "表記「出来る」は「できる」に統一することが推奨されます。",
    "range": {
      "end": {
        "character": 5,
        "line": 199,
      },
      "start": {
        "character": 2,
        "line": 199,
      },
    },
  },
  {
    "code": "orthography-variant",
    "message": "表記「出来ます」は「できます」に統一することが推奨されます。",
    "range": {
      "end": {
        "character": 6,
        "line": 200,
      },
      "start": {
        "character": 2,
        "line": 200,
      },
    },
  },
  {
    "code": "orthography-variant",
    "message": "表記「有難う」は「ありがとう」に統一することが推奨されます。",
    "range": {
      "end": {
        "character": 5,
        "line": 201,
      },
      "start": {
        "character": 2,
        "line": 201,
      },
    },
  },
  {
    "code": "orthography-variant",
    "message": "表記「宜しく」は「よろしく」に統一することが推奨されます。",
    "range": {
      "end": {
        "character": 5,
        "line": 202,
      },
      "start": {
        "character": 2,
        "line": 202,
      },
    },
  },
  {
    "code": "orthography-variant",
    "message": "表記「致します」は「いたします」に統一することが推奨されます。",
    "range": {
      "end": {
        "character": 6,
        "line": 203,
      },
      "start": {
        "character": 2,
        "line": 203,
      },
    },
  },
  {
    "code": "orthography-variant",
    "message": "表記「頂く」は「いただく」に統一することが推奨されます。",
    "range": {
      "end": {
        "character": 4,
        "line": 204,
      },
      "start": {
        "character": 2,
        "line": 204,
      },
    },
  },
  {
    "code": "orthography-variant",
    "message": "表記「頂きます」は「いただきます」に統一することが推奨されます。",
    "range": {
      "end": {
        "character": 6,
        "line": 205,
      },
      "start": {
        "character": 2,
        "line": 205,
      },
    },
  },
  {
    "code": "orthography-variant",
    "message": "表記「置き」は「おき」に統一することが推奨されます。",
    "range": {
      "end": {
        "character": 43,
        "line": 271,
      },
      "start": {
        "character": 41,
        "line": 271,
      },
    },
  },
  {
    "code": "orthography-variant",
    "message": "表記「置き」は「おき」に統一することが推奨されます。",
    "range": {
      "end": {
        "character": 16,
        "line": 278,
      },
      "start": {
        "character": 14,
        "line": 278,
      },
    },
  },
  {
    "code": "orthography-variant",
    "message": "表記「下さい」は「ください」に統一することが推奨されます。",
    "range": {
      "end": {
        "character": 23,
        "line": 576,
      },
      "start": {
        "character": 20,
        "line": 576,
      },
    },
  },
  {
    "code": "orthography-variant",
    "message": "表記「出来る」は「できる」に統一することが推奨されます。",
    "range": {
      "end": {
        "character": 19,
        "line": 594,
      },
      "start": {
        "character": 16,
        "line": 594,
      },
    },
  },
  {
    "code": "orthography-variant",
    "message": "表記「時」は「とき」に統一することが推奨されます。",
    "range": {
      "end": {
        "character": 24,
        "line": 604,
      },
      "start": {
        "character": 23,
        "line": 604,
      },
    },
  },
  {
    "code": "orthography-variant",
    "message": "表記「及び」は「および」に統一することが推奨されます。",
    "range": {
      "end": {
        "character": 5,
        "line": 616,
      },
      "start": {
        "character": 3,
        "line": 616,
      },
    },
  },
  {
    "code": "orthography-variant",
    "message": "表記「並びに」は「ならびに」に統一することが推奨されます。",
    "range": {
      "end": {
        "character": 9,
        "line": 616,
      },
      "start": {
        "character": 6,
        "line": 616,
      },
    },
  },
  {
    "code": "orthography-variant",
    "message": "表記「並びに」は「ならびに」に統一することが推奨されます。",
    "range": {
      "end": {
        "character": 28,
        "line": 616,
      },
      "start": {
        "character": 25,
        "line": 616,
      },
    },
  },
  {
    "code": "orthography-variant",
    "message": "表記「又」は「また」に統一することが推奨されます。",
    "range": {
      "end": {
        "character": 4,
        "line": 617,
      },
      "start": {
        "character": 3,
        "line": 617,
      },
    },
  },
  {
    "code": "orthography-variant",
    "message": "表記「若しくは」は「もしくは」に統一することが推奨されます。",
    "range": {
      "end": {
        "character": 10,
        "line": 617,
      },
      "start": {
        "character": 6,
        "line": 617,
      },
    },
  },
  {
    "code": "orthography-variant",
    "message": "表記「若しくは」は「もしくは」に統一することが推奨されます。",
    "range": {
      "end": {
        "character": 30,
        "line": 617,
      },
      "start": {
        "character": 26,
        "line": 617,
      },
    },
  },
  {
    "code": "particle-repetition",
    "message": "同じ助詞「は」が3回使用されています。文の構造を見直してください。",
    "range": {
      "end": {
        "character": 219,
        "line": 46,
      },
      "start": {
        "character": 133,
        "line": 46,
      },
    },
  },
  {
    "code": "particle-sequence",
    "message": "不適切な助詞連続「がを」が検出されました。文の構造を見直してください。",
    "range": {
      "end": {
        "character": 16,
        "line": 19,
      },
      "start": {
        "character": 14,
        "line": 19,
      },
    },
  },
  {
    "code": "particle-sequence",
    "message": "不適切な助詞連続「がに」が検出されました。文の構造を見直してください。",
    "range": {
      "end": {
        "character": 31,
        "line": 509,
      },
      "start": {
        "character": 10,
        "line": 509,
      },
    },
  },
  {
    "code": "particle-sequence",
    "message": "不適切な助詞連続「をに」が検出されました。文の構造を見直してください。",
    "range": {
      "end": {
        "character": 26,
        "line": 521,
      },
      "start": {
        "character": 15,
        "line": 521,
      },
    },
  },
  {
    "code": "particle-sequence",
    "message": "不適切な助詞連続「をに」が検出されました。文の構造を見直してください。",
    "range": {
      "end": {
        "character": 70,
        "line": 522,
      },
      "start": {
        "character": 59,
        "line": 522,
      },
    },
  },
  {
    "code": "quotation-style-mix",
    "message": "引用符のスタイルが混在しています。「」（48箇所）と""（4箇所）が使用されています。どれかに統一してください。 文書全体では「japanese」が支配的です。",
    "range": {
      "end": {
        "character": 4,
        "line": 363,
      },
      "start": {
        "character": 3,
        "line": 363,
      },
    },
  },
  {
    "code": "quotation-style-mix",
    "message": "引用符のスタイルが混在しています。「」（48箇所）と""（4箇所）が使用されています。どれかに統一してください。 文書全体では「japanese」が支配的です。",
    "range": {
      "end": {
        "character": 13,
        "line": 363,
      },
      "start": {
        "character": 12,
        "line": 363,
      },
    },
  },
  {
    "code": "quotation-style-mix",
    "message": "引用符のスタイルが混在しています。「」（48箇所）と""（4箇所）が使用されています。どれかに統一してください。 文書全体では「japanese」が支配的です。",
    "range": {
      "end": {
        "character": 4,
        "line": 371,
      },
      "start": {
        "character": 3,
        "line": 371,
      },
    },
  },
  {
    "code": "quotation-style-mix",
    "message": "引用符のスタイルが混在しています。「」（48箇所）と""（4箇所）が使用されています。どれかに統一してください。 文書全体では「japanese」が支配的です。",
    "range": {
      "end": {
        "character": 37,
        "line": 371,
      },
      "start": {
        "character": 36,
        "line": 371,
      },
    },
  },
  {
    "code": "ra-nuki",
    "message": "ら抜き言葉「食べれる」が検出されました。正しくは「食べられる」です。",
    "range": {
      "end": {
        "character": 5,
        "line": 38,
      },
      "start": {
        "character": 1,
        "line": 38,
      },
    },
  },
  {
    "code": "ra-nuki",
    "message": "ら抜き言葉「見れる」が検出されました。正しくは「見られる」です。",
    "range": {
      "end": {
        "character": 10,
        "line": 38,
      },
      "start": {
        "character": 7,
        "line": 38,
      },
    },
  },
  {
    "code": "redundant-expression",
    "message": "冗長表現「馬から落馬」が検出されました。「落馬」に簡潔化できます。",
    "range": {
      "end": {
        "character": 6,
        "line": 209,
      },
      "start": {
        "character": 1,
        "line": 209,
      },
    },
  },
  {
    "code": "redundant-expression",
    "message": "冗長表現「後で後悔」が検出されました。「後悔」に簡潔化できます。",
    "range": {
      "end": {
        "character": 14,
        "line": 209,
      },
      "start": {
        "character": 10,
        "line": 209,
      },
    },
  },
  {
    "code": "redundant-expression",
    "message": "冗長表現「馬から落馬」が検出されました。「落馬」に簡潔化できます。",
    "range": {
      "end": {
        "character": 7,
        "line": 213,
      },
      "start": {
        "character": 2,
        "line": 213,
      },
    },
  },
  {
    "code": "redundant-expression",
    "message": "冗長表現「後で後悔」が検出されました。「後悔」に簡潔化できます。",
    "range": {
      "end": {
        "character": 6,
        "line": 214,
      },
      "start": {
        "character": 2,
        "line": 214,
      },
    },
  },
  {
    "code": "redundant-expression",
    "message": "冗長表現「一番最初」が検出されました。「最初」に簡潔化できます。",
    "range": {
      "end": {
        "character": 6,
        "line": 215,
      },
      "start": {
        "character": 2,
        "line": 215,
      },
    },
  },
  {
    "code": "redundant-expression",
    "message": "冗長表現「各々それぞれ」が検出されました。「それぞれ」に簡潔化できます。",
    "range": {
      "end": {
        "character": 8,
        "line": 216,
      },
      "start": {
        "character": 2,
        "line": 216,
      },
    },
  },
  {
    "code": "redundant-expression",
    "message": "冗長表現「まず最初に」が検出されました。「最初に」に簡潔化できます。",
    "range": {
      "end": {
        "character": 7,
        "line": 217,
      },
      "start": {
        "character": 2,
        "line": 217,
      },
    },
  },
  {
    "code": "redundant-expression",
    "message": "冗長表現「過半数を超える」が検出されました。「過半数」に簡潔化できます。",
    "range": {
      "end": {
        "character": 9,
        "line": 218,
      },
      "start": {
        "character": 2,
        "line": 218,
      },
    },
  },
  {
    "code": "redundant-expression",
    "message": "冗長表現「元旦の朝」が検出されました。「元旦」に簡潔化できます。",
    "range": {
      "end": {
        "character": 6,
        "line": 219,
      },
      "start": {
        "character": 2,
        "line": 219,
      },
    },
  },
  {
    "code": "redundant-expression",
    "message": "冗長表現「馬から落馬」が検出されました。「落馬」に簡潔化できます。",
    "range": {
      "end": {
        "character": 21,
        "line": 577,
      },
      "start": {
        "character": 16,
        "line": 577,
      },
    },
  },
  {
    "code": "sentence-ending-colon",
    "message": "文末にコロン（：）が使用されています。句点（。）に変更するか、文を続けてください。",
    "range": {
      "end": {
        "character": 58,
        "line": 16,
      },
      "start": {
        "character": 57,
        "line": 16,
      },
    },
  },
  {
    "code": "symbol-width-mix",
    "message": "コロン「：」は全角ですが、文書内では半角が多く使用されています。表記を統一することを推奨します。",
    "range": {
      "end": {
        "character": 58,
        "line": 16,
      },
      "start": {
        "character": 57,
        "line": 16,
      },
    },
  },
  {
    "code": "symbol-width-mix",
    "message": "コロン「：」は全角ですが、文書内では半角が多く使用されています。表記を統一することを推奨します。",
    "range": {
      "end": {
        "character": 30,
        "line": 24,
      },
      "start": {
        "character": 29,
        "line": 24,
      },
    },
  },
  {
    "code": "symbol-width-mix",
    "message": "コロン「：」は全角ですが、文書内では半角が多く使用されています。表記を統一することを推奨します。",
    "range": {
      "end": {
        "character": 13,
        "line": 271,
      },
      "start": {
        "character": 12,
        "line": 271,
      },
    },
  },
  {
    "code": "symbol-width-mix",
    "message": "コロン「：」は全角ですが、文書内では半角が多く使用されています。表記を統一することを推奨します。",
    "range": {
      "end": {
        "character": 24,
        "line": 288,
      },
      "start": {
        "character": 23,
        "line": 288,
      },
    },
  },
  {
    "code": "symbol-width-mix",
    "message": "コロン「：」は全角ですが、文書内では半角が多く使用されています。表記を統一することを推奨します。",
    "range": {
      "end": {
        "character": 37,
        "line": 376,
      },
      "start": {
        "character": 36,
        "line": 376,
      },
    },
  },
  {
    "code": "table-column-mismatch",
    "message": "テーブルの区切り行の列数が一致しません。ヘッダーは3列ですが、区切り行は2列です。",
    "range": {
      "end": {
        "character": 71,
        "line": 614,
      },
      "start": {
        "character": 21,
        "line": 614,
      },
    },
  },
  {
    "code": "tautology",
    "message": "重複表現「頭痛が痛い」が検出されました。「頭」と「痛い」が重複しています。",
    "range": {
      "end": {
        "character": 6,
        "line": 223,
      },
      "start": {
        "character": 1,
        "line": 223,
      },
    },
  },
  {
    "code": "tautology",
    "message": "重複表現「違和感を感じる」が検出されました。「感」が重複しています。",
    "range": {
      "end": {
        "character": 15,
        "line": 223,
      },
      "start": {
        "character": 8,
        "line": 223,
      },
    },
  },
  {
    "code": "tautology",
    "message": "重複表現「頭痛が痛い」が検出されました。「頭」と「痛い」が重複しています。",
    "range": {
      "end": {
        "character": 7,
        "line": 227,
      },
      "start": {
        "character": 2,
        "line": 227,
      },
    },
  },
  {
    "code": "tautology",
    "message": "重複表現「違和感を感じる」が検出されました。「感」が重複しています。",
    "range": {
      "end": {
        "character": 9,
        "line": 228,
      },
      "start": {
        "character": 2,
        "line": 228,
      },
    },
  },
  {
    "code": "tautology",
    "message": "重複表現「被害を被る」が検出されました。「被」が重複しています。",
    "range": {
      "end": {
        "character": 7,
        "line": 229,
      },
      "start": {
        "character": 2,
        "line": 229,
      },
    },
  },
  {
    "code": "tautology",
    "message": "重複表現「犯罪を犯す」が検出されました。「犯」が重複しています。",
    "range": {
      "end": {
        "character": 7,
        "line": 230,
      },
      "start": {
        "character": 2,
        "line": 230,
      },
    },
  },
  {
    "code": "tautology",
    "message": "重複表現「危険が危ない」が検出されました。「危」が重複しています。",
    "range": {
      "end": {
        "character": 8,
        "line": 231,
      },
      "start": {
        "character": 2,
        "line": 231,
      },
    },
  },
  {
    "code": "tautology",
    "message": "重複表現「歌を歌う」が検出されました。「歌」が重複しています。",
    "range": {
      "end": {
        "character": 6,
        "line": 232,
      },
      "start": {
        "character": 2,
        "line": 232,
      },
    },
  },
  {
    "code": "tautology",
    "message": "重複表現「頭痛が痛い」が検出されました。「頭」と「痛い」が重複しています。",
    "range": {
      "end": {
        "character": 27,
        "line": 578,
      },
      "start": {
        "character": 22,
        "line": 578,
      },
    },
  },
  {
    "code": "term-notation",
    "message": "技術用語の表記「Javascript」は「JavaScript」に統一してください。",
    "range": {
      "end": {
        "character": 28,
        "line": 575,
      },
      "start": {
        "character": 18,
        "line": 575,
      },
    },
  },
  {
    "code": "term-notation",
    "message": "技術用語の表記「vscode」は「VS Code」に統一してください。",
    "range": {
      "end": {
        "character": 38,
        "line": 626,
      },
      "start": {
        "character": 32,
        "line": 626,
      },
    },
  },
  {
    "code": "weak-expression",
    "message": "弱い表現「かもしれない」が使用されています。より断定的な表現を検討してください。",
    "range": {
      "end": {
        "character": 8,
        "line": 103,
      },
      "start": {
        "character": 2,
        "line": 103,
      },
    },
  },
  {
    "code": "weak-expression",
    "message": "弱い表現「と思われる」が使用されています。より断定的な表現を検討してください。",
    "range": {
      "end": {
        "character": 7,
        "line": 104,
      },
      "start": {
        "character": 2,
        "line": 104,
      },
    },
  },
  {
    "code": "weak-expression",
    "message": "弱い表現「ような気がする」が使用されています。より断定的な表現を検討してください。",
    "range": {
      "end": {
        "character": 9,
        "line": 105,
      },
      "start": {
        "character": 2,
        "line": 105,
      },
    },
  },
  {
    "code": "weak-expression",
    "message": "弱い表現「かもしれない」が使用されています。より断定的な表現を検討してください。",
    "range": {
      "end": {
        "character": 28,
        "line": 573,
      },
      "start": {
        "character": 22,
        "line": 573,
      },
    },
  },
]
`;
